// Jest Snapshot v1, https://goo.gl/fbAQLP

exports[`Gilded Rose Approval should foo 1`] = `
[
  Item {
    "name": "+5 Dexterity Vest",
    "quality": 19,
    "sellIn": 9,
  },
  Item {
    "name": "Aged Brie",
    "quality": 1,
    "sellIn": 1,
  },
  Item {
    "name": "Elixir of the Mongoose",
    "quality": 6,
    "sellIn": 4,
  },
  Item {
    "name": "Sulfuras, Hand of Ragnaros",
    "quality": 80,
    "sellIn": 0,
  },
  Item {
    "name": "Sulfuras, Hand of Ragnaros",
    "quality": 80,
    "sellIn": -1,
  },
  Item {
    "name": "Backstage passes to a TAFKAL80ETC concert",
    "quality": 21,
    "sellIn": 14,
  },
  Item {
    "name": "Backstage passes to a TAFKAL80ETC concert",
    "quality": 50,
    "sellIn": 9,
  },
  Item {
    "name": "Backstage passes to a TAFKAL80ETC concert",
    "quality": 50,
    "sellIn": 4,
  },
  Item {
    "name": "Conjured Mana Cake",
    "quality": 4,
    "sellIn": 2,
  },
]
`;
